s..................................................................sssss [ 56%]
s....................................................../workspace/scratch/3a6498ce7dd1/eafix-venv/lib/python3.12/site-packages/coverage/control.py:967: CoverageWarning: No data was collected. (no-data-collected); see https://coverage.readthedocs.io/en/7.16.2/messages.html#warning-no-data-collected
  self._warn("No data was collected.", slug="no-data-collected")

ERROR: Coverage failure: total of 0 is less than fail-under=85
                                                                         [100%]
=============================== warnings summary ===============================
tests/test_enterprise_modules.py::TestAutomatedMergeStrategy::test_analyze_merge_conflicts_no_conflicts
  /workspace/scratch/3a6498ce7dd1/eafix-modular/lib/automated_merge_strategy.py:244: DeprecationWarning: datetime.datetime.utcnow() is deprecated and scheduled for removal in a future version. Use timezone-aware objects to represent datetimes in UTC: datetime.datetime.now(datetime.UTC).
    "analysis_timestamp": datetime.utcnow().isoformat()

tests/test_enterprise_modules.py::TestAutomatedMergeStrategy::test_select_optimal_merge_tool_with_conflicts
  /workspace/scratch/3a6498ce7dd1/eafix-modular/lib/automated_merge_strategy.py:401: DeprecationWarning: datetime.datetime.utcnow() is deprecated and scheduled for removal in a future version. Use timezone-aware objects to represent datetimes in UTC: datetime.datetime.now(datetime.UTC).
    "selection_timestamp": datetime.utcnow().isoformat()

tests/test_enterprise_modules.py::TestContextAnalysisEngine::test_analyze_task_context_full
tests/test_enterprise_modules.py::TestIntegration::test_enterprise_module_workflow
  /workspace/scratch/3a6498ce7dd1/eafix-modular/lib/context_analysis_engine.py:582: DeprecationWarning: datetime.datetime.utcnow() is deprecated and scheduled for removal in a future version. Use timezone-aware objects to represent datetimes in UTC: datetime.datetime.now(datetime.UTC).
    start_time = datetime.utcnow()

tests/test_enterprise_modules.py::TestContextAnalysisEngine::test_analyze_task_context_full
tests/test_enterprise_modules.py::TestIntegration::test_enterprise_module_workflow
  /workspace/scratch/3a6498ce7dd1/eafix-modular/lib/context_analysis_engine.py:625: DeprecationWarning: datetime.datetime.utcnow() is deprecated and scheduled for removal in a future version. Use timezone-aware objects to represent datetimes in UTC: datetime.datetime.now(datetime.UTC).
    "analysis_time_seconds": (datetime.utcnow() - start_time).total_seconds(),

tests/test_enterprise_modules.py::TestContextAnalysisEngine::test_analyze_task_context_full
tests/test_enterprise_modules.py::TestIntegration::test_enterprise_module_workflow
  /workspace/scratch/3a6498ce7dd1/eafix-modular/lib/context_analysis_engine.py:626: DeprecationWarning: datetime.datetime.utcnow() is deprecated and scheduled for removal in a future version. Use timezone-aware objects to represent datetimes in UTC: datetime.datetime.now(datetime.UTC).
    "timestamp": datetime.utcnow().isoformat()

tests/test_enterprise_modules.py::TestContextAnalysisEngine::test_suggest_workflows
tests/test_enterprise_modules.py::TestContextAnalysisEngine::test_analyze_project_structure
tests/test_enterprise_modules.py::TestIntegration::test_enterprise_module_workflow
  /workspace/scratch/3a6498ce7dd1/eafix-modular/lib/context_analysis_engine.py:313: DeprecationWarning: datetime.datetime.utcnow() is deprecated and scheduled for removal in a future version. Use timezone-aware objects to represent datetimes in UTC: datetime.datetime.now(datetime.UTC).
    start_time = datetime.utcnow()

tests/test_enterprise_modules.py::TestContextAnalysisEngine::test_suggest_workflows
tests/test_enterprise_modules.py::TestContextAnalysisEngine::test_analyze_project_structure
tests/test_enterprise_modules.py::TestIntegration::test_enterprise_module_workflow
  /workspace/scratch/3a6498ce7dd1/eafix-modular/lib/context_analysis_engine.py:345: DeprecationWarning: datetime.datetime.utcnow() is deprecated and scheduled for removal in a future version. Use timezone-aware objects to represent datetimes in UTC: datetime.datetime.now(datetime.UTC).
    "analysis_time_seconds": (datetime.utcnow() - start_time).total_seconds(),

tests/test_enterprise_modules.py::TestContextAnalysisEngine::test_suggest_workflows
tests/test_enterprise_modules.py::TestContextAnalysisEngine::test_analyze_project_structure
tests/test_enterprise_modules.py::TestIntegration::test_enterprise_module_workflow
  /workspace/scratch/3a6498ce7dd1/eafix-modular/lib/context_analysis_engine.py:346: DeprecationWarning: datetime.datetime.utcnow() is deprecated and scheduled for removal in a future version. Use timezone-aware objects to represent datetimes in UTC: datetime.datetime.now(datetime.UTC).
    "timestamp": datetime.utcnow().isoformat()

tests/test_enterprise_modules.py::TestContextAnalysisEngine::test_generate_context_report
  /workspace/scratch/3a6498ce7dd1/eafix-modular/lib/context_analysis_engine.py:933: DeprecationWarning: datetime.datetime.utcnow() is deprecated and scheduled for removal in a future version. Use timezone-aware objects to represent datetimes in UTC: datetime.datetime.now(datetime.UTC).
    "analysis_timestamp": datetime.utcnow().isoformat(),

tests/test_websocket_integration.py::TestAuthMiddleware::test_token_authentication
  /workspace/scratch/3a6498ce7dd1/eafix-modular/src/websocket/auth_middleware.py:204: DeprecationWarning: datetime.datetime.utcnow() is deprecated and scheduled for removal in a future version. Use timezone-aware objects to represent datetimes in UTC: datetime.datetime.now(datetime.UTC).
    "exp": datetime.utcnow() + timedelta(hours=expires_in_hours),

tests/test_websocket_integration.py::TestAuthMiddleware::test_token_authentication
  /workspace/scratch/3a6498ce7dd1/eafix-modular/src/websocket/auth_middleware.py:205: DeprecationWarning: datetime.datetime.utcnow() is deprecated and scheduled for removal in a future version. Use timezone-aware objects to represent datetimes in UTC: datetime.datetime.now(datetime.UTC).
    "iat": datetime.utcnow()

tests/test_websocket_integration.py::TestAuthMiddleware::test_token_authentication
  /workspace/scratch/3a6498ce7dd1/eafix-venv/lib/python3.12/site-packages/jwt/api_jwt.py:149: InsecureKeyLengthWarning: The HMAC key is 15 bytes long, which is below the minimum recommended length of 32 bytes for SHA256. See RFC 7518 Section 3.2.
    return self._jws.encode(

tests/test_websocket_integration.py::TestAuthMiddleware::test_token_authentication
  /workspace/scratch/3a6498ce7dd1/eafix-venv/lib/python3.12/site-packages/jwt/api_jwt.py:370: InsecureKeyLengthWarning: The HMAC key is 15 bytes long, which is below the minimum recommended length of 32 bytes for SHA256. See RFC 7518 Section 3.2.
    decoded = self.decode_complete(

tests/test_websocket_integration.py::TestAuthMiddleware::test_token_authentication
  /workspace/scratch/3a6498ce7dd1/eafix-modular/src/websocket/auth_middleware.py:46: DeprecationWarning: datetime.datetime.utcnow() is deprecated and scheduled for removal in a future version. Use timezone-aware objects to represent datetimes in UTC: datetime.datetime.now(datetime.UTC).
    if exp and datetime.fromtimestamp(exp) < datetime.utcnow():

tests/test_websocket_integration.py::TestAuthMiddleware::test_api_key_authentication
  /workspace/scratch/3a6498ce7dd1/eafix-modular/src/websocket/auth_middleware.py:220: DeprecationWarning: datetime.datetime.utcnow() is deprecated and scheduled for removal in a future version. Use timezone-aware objects to represent datetimes in UTC: datetime.datetime.now(datetime.UTC).
    "created_at": datetime.utcnow().isoformat(),

tests/test_websocket_integration.py::TestAuthMiddleware::test_api_key_authentication
  /workspace/scratch/3a6498ce7dd1/eafix-modular/src/websocket/auth_middleware.py:221: DeprecationWarning: datetime.datetime.utcnow() is deprecated and scheduled for removal in a future version. Use timezone-aware objects to represent datetimes in UTC: datetime.datetime.now(datetime.UTC).
    "expires_at": (datetime.utcnow() + timedelta(days=expires_in_days)).isoformat(),

tests/test_websocket_integration.py::TestAuthMiddleware::test_api_key_authentication
  /workspace/scratch/3a6498ce7dd1/eafix-modular/src/websocket/auth_middleware.py:108: DeprecationWarning: datetime.datetime.utcnow() is deprecated and scheduled for removal in a future version. Use timezone-aware objects to represent datetimes in UTC: datetime.datetime.now(datetime.UTC).
    user_info["last_used"] = datetime.utcnow().isoformat()

tests/test_websocket_integration.py::TestAuthMiddleware::test_session_authentication
  /workspace/scratch/3a6498ce7dd1/eafix-modular/src/websocket/auth_middleware.py:245: DeprecationWarning: datetime.datetime.utcnow() is deprecated and scheduled for removal in a future version. Use timezone-aware objects to represent datetimes in UTC: datetime.datetime.now(datetime.UTC).
    expires_at = datetime.utcnow() + timedelta(hours=expires_in_hours)

tests/test_websocket_integration.py::TestAuthMiddleware::test_session_authentication
  /workspace/scratch/3a6498ce7dd1/eafix-modular/src/websocket/auth_middleware.py:253: DeprecationWarning: datetime.datetime.utcnow() is deprecated and scheduled for removal in a future version. Use timezone-aware objects to represent datetimes in UTC: datetime.datetime.now(datetime.UTC).
    "created_at": datetime.utcnow().isoformat(),

tests/test_websocket_integration.py::TestAuthMiddleware::test_session_authentication
  /workspace/scratch/3a6498ce7dd1/eafix-modular/src/websocket/auth_middleware.py:255: DeprecationWarning: datetime.datetime.utcnow() is deprecated and scheduled for removal in a future version. Use timezone-aware objects to represent datetimes in UTC: datetime.datetime.now(datetime.UTC).
    "last_activity": datetime.utcnow().isoformat()

tests/test_websocket_integration.py::TestAuthMiddleware::test_session_authentication
  /workspace/scratch/3a6498ce7dd1/eafix-modular/src/websocket/auth_middleware.py:149: DeprecationWarning: datetime.datetime.utcnow() is deprecated and scheduled for removal in a future version. Use timezone-aware objects to represent datetimes in UTC: datetime.datetime.now(datetime.UTC).
    if expires_at < datetime.utcnow():

tests/test_websocket_integration.py::TestAuthMiddleware::test_session_authentication
  /workspace/scratch/3a6498ce7dd1/eafix-modular/src/websocket/auth_middleware.py:155: DeprecationWarning: datetime.datetime.utcnow() is deprecated and scheduled for removal in a future version. Use timezone-aware objects to represent datetimes in UTC: datetime.datetime.now(datetime.UTC).
    session_info["last_activity"] = datetime.utcnow().isoformat()

tests/test_websocket_integration.py::TestAuthMiddleware::test_session_authentication
  /workspace/scratch/3a6498ce7dd1/eafix-modular/src/websocket/auth_middleware.py:158: DeprecationWarning: datetime.datetime.utcnow() is deprecated and scheduled for removal in a future version. Use timezone-aware objects to represent datetimes in UTC: datetime.datetime.now(datetime.UTC).
    ttl_seconds = int((expires_at - datetime.utcnow()).total_seconds())

-- Docs: https://docs.pytest.org/en/stable/how-to/capture-warnings.html
================================ tests coverage ================================
_______________ coverage: platform linux, python 3.12.14-final-0 _______________

Name                                                          Stmts   Miss  Cover   Missing
-------------------------------------------------------------------------------------------
services/__init__.py                                              0      0   100%
services/_id_loader.py                                           25     25     0%   3-40
services/common/2099900100260118_base_enterprise_service.py     120    120     0%   5-258
services/common/2099900101260118_base_service.py                 87     87     0%   8-246
services/common/2099900102260118_test_service_template.py        44     44     0%   8-95
services/common/2099900103260118___init__.py                      2      2     0%   7-9
services/common/__init__.py                                       0      0   100%
services/common/base_service.py                                   2      2     0%   3-5
services/common/startup_health_gate.py                           39     39     0%   6-73
services/common/test_service_template.py                          2      2     0%   3-5
services/data_ingestor/__init__.py                                0      0   100%
services/data_ingestor/src/__init__.py                            0      0   100%
services/data_ingestor/src/config.py                              2      2     0%   3-5
services/data_ingestor/src/health.py                              2      2     0%   3-5
services/data_ingestor/src/ingestor.py                            2      2     0%   3-5
services/data_ingestor/src/main.py                                2      2     0%   3-5
services/data_ingestor/src/main_enterprise.py                     2      2     0%   3-5
services/data_ingestor/src/metrics.py                             2      2     0%   3-5
services/data_ingestor/src/models.py                              2      2     0%   3-5
services/data_ingestor/src/plugin.py                              2      2     0%   3-5
services/execution_engine/__init__.py                             0      0   100%
services/execution_engine/src/__init__.py                         0      0   100%
services/execution_engine/src/oms.py                              2      2     0%   3-5
services/execution_engine/src/outcome_bucketizer.py               2      2     0%   3-5
services/execution_engine/src/plugin.py                           2      2     0%   3-5
services/execution_engine/src/trade_close_classifier.py           2      2     0%   3-5
services/indicator_engine/__init__.py                             0      0   100%
services/indicator_engine/src/__init__.py                         0      0   100%
services/indicator_engine/src/plugin.py                           2      2     0%   3-5
services/reentry_engine/__init__.py                               0      0   100%
services/reentry_engine/src/__init__.py                           0      0   100%
services/reentry_engine/src/calendar_cache.py                     2      2     0%   3-5
services/reentry_engine/src/chain_store.py                        2      2     0%   3-5
services/reentry_engine/src/config.py                             2      2     0%   3-5
services/reentry_engine/src/decision_client.py                    2      2     0%   3-5
services/reentry_engine/src/health.py                             2      2     0%   3-5
services/reentry_engine/src/main.py                               2      2     0%   3-5
services/reentry_engine/src/metrics.py                            2      2     0%   3-5
services/reentry_engine/src/plugin.py                             2      2     0%   3-5
services/reentry_engine/src/processor.py                          2      2     0%   3-5
services/reentry_matrix_svc/__init__.py                           0      0   100%
services/reentry_matrix_svc/src/__init__.py                       0      0   100%
services/reentry_matrix_svc/src/config.py                         2      2     0%   3-5
services/reentry_matrix_svc/src/health.py                         2      2     0%   3-5
services/reentry_matrix_svc/src/main.py                           2      2     0%   3-5
services/reentry_matrix_svc/src/metrics.py                        2      2     0%   3-5
services/reentry_matrix_svc/src/plugin.py                         2      2     0%   3-5
services/reentry_matrix_svc/src/processor.py                      2      2     0%   3-5
services/reentry_matrix_svc/src/resolver.py                       2      2     0%   3-5
services/reporter/__init__.py                                     0      0   100%
services/reporter/src/2099900181260118_plugin.py                 55     55     0%   6-112
services/reporter/src/__init__.py                                 0      0   100%
services/reporter/src/plugin.py                                   2      2     0%   3-5
services/risk_manager/__init__.py                                 0      0   100%
services/risk_manager/src/__init__.py                             0      0   100%
services/risk_manager/src/config.py                               2      2     0%   3-5
services/risk_manager/src/plugin.py                               2      2     0%   3-5
services/risk_manager/src/processor.py                            2      2     0%   3-5
services/signal_generator/__init__.py                             0      0   100%
services/signal_generator/src/__init__.py                         0      0   100%
services/signal_generator/src/config.py                           2      2     0%   3-5
services/signal_generator/src/plugin.py                           2      2     0%   3-5
services/signal_generator/src/processor.py                        2      2     0%   3-5
services/telemetry_daemon/__init__.py                             0      0   100%
services/telemetry_daemon/src/__init__.py                         0      0   100%
services/telemetry_daemon/src/aggregator.py                       2      2     0%   3-5
services/telemetry_daemon/src/alerting.py                         2      2     0%   3-5
services/telemetry_daemon/src/collector.py                        2      2     0%   3-5
services/telemetry_daemon/src/config.py                           2      2     0%   3-5
services/telemetry_daemon/src/health.py                           2      2     0%   3-5
services/telemetry_daemon/src/main.py                             2      2     0%   3-5
services/telemetry_daemon/src/metrics.py                          2      2     0%   3-5
services/telemetry_daemon/src/plugin.py                           2      2     0%   3-5
services/telemetry_daemon/src/risk_off_emitter.py                 2      2     0%   3-5
services/transport_router/__init__.py                             0      0   100%
services/transport_router/src/__init__.py                         0      0   100%
services/transport_router/src/config.py                           2      2     0%   3-5
services/transport_router/src/health.py                           2      2     0%   3-5
services/transport_router/src/main.py                             2      2     0%   3-5
services/transport_router/src/metrics.py                          2      2     0%   3-5
services/transport_router/src/plugin.py                           2      2     0%   3-5
services/transport_router/src/router.py                           2      2     0%   3-5
services/transport_router/src/validator.py                        2      2     0%   3-5
services/transport_router/src/watcher.py                          2      2     0%   3-5
-------------------------------------------------------------------------------------------
TOTAL                                                           482    482     0%
FAIL Required test coverage of 85% not reached. Total coverage: 0.00%
